success
success
replace success
t-binding success
success
