File bind.expect tested ok
File generic.expect tested ok
File read.expect tested ok
