1a
1b
2a
2b
Test 2 pass
Test  pass
Test 3 pass
Test 4 pass
Test 5 pass
abc\ndef
abc
def
abc\zdef
abc!def
abc!def
abcQdef
abcQ2def
abc
Catch your breath
abc!def
abc!1def
